// Jest Snapshot v1, https://goo.gl/fbAQLP

exports[`FormCategories renders without crashing 1`] = `
<div
  className="form-categories"
>
  <FormField>
    <label>
      categoriesLabel
    </label>
    <CategoriesContainer
      categories={
        Array [
          "Travel",
        ]
      }
      hasDeleteIcon={true}
      onCategoryClick={[Function]}
    />
    <Input
      onChange={[Function]}
      onKeyDown={[Function]}
      placeholder="Enter your content"
      spellCheck={true}
      type="text"
      value=""
    />
    <Message
      info={true}
      visible={true}
    >
      *Please press spacebar or enter to create category.
    </Message>
  </FormField>
</div>
`;

exports[`FormCategories should call onChange 1`] = `
Object {
  "category": "test",
}
`;
