// Jest Snapshot v1, https://goo.gl/fbAQLP

exports[`FormCategories renders without crashing 1`] = `
<div
  className="form-categories"
>
  <FormField>
    <label>
      Categories
    </label>
    <div>
      <Button
        as="button"
        name="Travel"
      >
        Travel
         
        <Icon
          as="i"
          name="delete"
        />
      </Button>
      <Input
        onChange={[Function]}
        onKeyUp={[Function]}
        placeholder="Enter your content"
        spellCheck={true}
        type="text"
        value=""
      />
      <Message
        info={true}
        visible={true}
      >
        *Please press spacebar or enter to create category.
      </Message>
    </div>
  </FormField>
</div>
`;

exports[`FormCategories should call onChange 1`] = `
Object {
  "category": "test",
}
`;
