// Jest Snapshot v1, https://goo.gl/fbAQLP

exports[`FormBlogContent renders without crashing 1`] = `
<FormField>
  <label>
    blogContentLabel
  </label>
  <TextArea
    as="textarea"
    name="content"
    onChange={[Function]}
    placeholder="Enter your content"
    rows={25}
    spellCheck={true}
    value="My Blog content"
  />
</FormField>
`;
