// Jest Snapshot v1, https://goo.gl/fbAQLP

exports[`renders without crashing 1`] = `
<Provider
  store={
    Object {
      "dispatch": [Function],
      "getState": [Function],
      "replaceReducer": [Function],
      "subscribe": [Function],
      Symbol(observable): [Function],
    }
  }
>
  <BrowserRouter>
    <div
      className="App"
    >
      <PageHeader />
      <div
        className="page_container"
      >
        <Switch>
          <Route
            component={
              Object {
                "$$typeof": Symbol(react.memo),
                "WrappedComponent": [Function],
                "compare": null,
                "displayName": "Connect(BlogsListing)",
                "type": [Function],
              }
            }
            exact={true}
            path="/"
          />
          <Route
            component={[Function]}
            path="/addBlog"
          />
          <Route
            component={[Function]}
            path="/viewBlog/:id"
          />
          <Route
            component={
              Object {
                "$$typeof": Symbol(react.memo),
                "WrappedComponent": [Function],
                "compare": null,
                "displayName": "Connect(BlogsListing)",
                "type": [Function],
              }
            }
          />
        </Switch>
      </div>
    </div>
  </BrowserRouter>
</Provider>
`;
